<html>
<body>
<pre>
<h1>µVision Build Log</h1>
<h2>Tool Versions:</h2>
IDE-Version: µVision V5.20.0.0
Copyright (C) 2016 ARM Ltd and ARM Germany GmbH. All rights reserved.
License Information: Ante Oreškoviæ, N/A, LIC=----
 
Tool Versions:
Toolchain:       MDK-Lite  Version: 5.20
Toolchain Path:  C:\Keil_v5\ARM\ARMCC\Bin
C Compiler:      Armcc.exe V5.06 update 2 (build 183)
Assembler:       Armasm.exe V5.06 update 2 (build 183)
Linker/Locator:  ArmLink.exe V5.06 update 2 (build 183)
Library Manager: ArmAr.exe V5.06 update 2 (build 183)
Hex Converter:   FromElf.exe V5.06 update 2 (build 183)
CPU DLL:         SARMCM3.DLL V5.20
Dialog DLL:      DCM.DLL V1.13.7.0
Target DLL:      STLink\ST-LINKIII-KEIL_SWO.dll V2.0.18.0
Dialog DLL:      TCM.DLL V1.14.9.0
 
<h2>Project:</h2>
H:\Dropbox\Projects\PPIUS_Weather-stationg\STM_Discovery_Code\Template.uvprojx
Project File Date:  01/19/2018

<h2>Output:</h2>
*** Using Compiler 'V5.06 update 2 (build 183)', folder: 'C:\Keil_v5\ARM\ARMCC\Bin'
Rebuild target 'Target 1'
compiling delay.c...
compiling strings.c...
Src\strings.c(56): warning:  #177-D: variable "index" was declared but never referenced
      char *index;
Src\strings.c: 1 warning, 0 errors
compiling main.c...
main.c(27): warning:  #177-D: variable "data" was declared but never referenced
      uint8_t data;
main.c(34): warning:  #177-D: variable "i" was declared but never referenced
      int i;
main.c(126): warning:  #9-D: nested comment is not allowed
          }/**/
main.c(119): warning:  #177-D: variable "bu4" was declared but never referenced
          char bu4[25] = "";
main.c(94): warning:  #177-D: variable "buf" was declared but never referenced
      char buf[10];
main.c(99): warning:  #177-D: variable "out" was declared but never referenced
      char out[12][16];
main.c: 6 warnings, 0 errors
compiling I2C.c...
compiling LiquidCrystal_I2C.c...
compiling gpio.c...
compiling croutine.c...
compiling event_groups.c...
compiling list.c...
compiling queue.c...
compiling tasks.c...
compiling timers.c...
compiling redirect.c...
compiling heap_2.c...
compiling port.c...
assembling startup_stm32f40_41xxx.s...
compiling system_stm32f4xx.c...
compiling stm32f4_discovery.c...
compiling tm_stm32f4_gpio.c...
compiling tm_stm32f4_usart.c...
linking...
Program Size: Code=15790 RO-data=538 RW-data=304 ZI-data=82704  
".\Objects\Template.axf" - 0 Error(s), 7 Warning(s).

<h2>Software Packages used:</h2>

Package Vendor: ARM
                http://www.keil.com/pack/ARM.CMSIS.5.0.1.pack
                ARM::CMSIS:CORE:5.0.1
                CMSIS (Cortex Microcontroller Software Interface Standard)
   * Component: CORE Version: 5.0.1

<h2>Collection of Component include folders:</h2>
  H:\Dropbox\Projects\PPIUS_Weather-stationg\STM_Discovery_Code\RTE
  C:\Keil_v5\ARM\PACK\ARM\CMSIS\5.0.1\CMSIS\Include
  C:\Keil_v5\ARM\PACK\Keil\STM32F4xx_DFP\2.11.0\Drivers\CMSIS\Device\ST\STM32F4xx\Include

<h2>Collection of Component Files used:</h2>

   * Component: ARM::CMSIS:CORE:5.0.1
Build Time Elapsed:  00:00:19
</pre>
</body>
</html>
